ERROR - 2026-05-08 18:25:16 --> Cannot add or update a child row: a foreign key constraint fails (`regime`.`users`, CONSTRAINT `users_ibfk_1` FOREIGN KEY (`genre_id`) REFERENCES `genre` (`id`))
in SYSTEMPATH\Database\MySQLi\Connection.php on line 300.
 1 SYSTEMPATH\Database\MySQLi\Connection.php(300): mysqli->query('INSERT INTO `users` (`nom`, `prenom`, `email`, `password`, `genre_id`, `Date_naissance`) VALUES (\'Dupont\', \'Martin\', \'jean@gmail.com\', \'$2y$10$GHGnfd/M9QFCoWgIf/O3ueFVHruS1PCwQfzeqFq2h.4/UXsAcwRLO\', 1, \'2025-01-29\')', 0)
 2 SYSTEMPATH\Database\BaseConnection.php(910): CodeIgniter\Database\MySQLi\Connection->execute('INSERT INTO `users` (`nom`, `prenom`, `email`, `password`, `genre_id`, `Date_naissance`) VALUES (\'Dupont\', \'Martin\', \'jean@gmail.com\', \'$2y$10$GHGnfd/M9QFCoWgIf/O3ueFVHruS1PCwQfzeqFq2h.4/UXsAcwRLO\', 1, \'2025-01-29\')')
 3 SYSTEMPATH\Database\BaseConnection.php(827): CodeIgniter\Database\BaseConnection->simpleQuery('INSERT INTO `users` (`nom`, `prenom`, `email`, `password`, `genre_id`, `Date_naissance`) VALUES (\'Dupont\', \'Martin\', \'jean@gmail.com\', \'$2y$10$GHGnfd/M9QFCoWgIf/O3ueFVHruS1PCwQfzeqFq2h.4/UXsAcwRLO\', 1, \'2025-01-29\')')
 4 SYSTEMPATH\Database\BaseBuilder.php(2345): CodeIgniter\Database\BaseConnection->query('INSERT INTO `users` (`nom`, `prenom`, `email`, `password`, `genre_id`, `Date_naissance`) VALUES (:nom:, :prenom:, :email:, :password:, :genre_id:, :Date_naissance:)', [...], false)
 5 SYSTEMPATH\Model.php(355): CodeIgniter\Database\BaseBuilder->insert()
 6 SYSTEMPATH\BaseModel.php(899): CodeIgniter\Model->doInsert([...])
 7 SYSTEMPATH\Model.php(668): CodeIgniter\BaseModel->insert([...], true)
 8 APPPATH\Controllers\AuthController.php(384): CodeIgniter\Model->insert([...])
 9 SYSTEMPATH\CodeIgniter.php(951): App\Controllers\AuthController->objectif()
10 SYSTEMPATH\CodeIgniter.php(497): CodeIgniter\CodeIgniter->runController(Object(App\Controllers\AuthController))
11 SYSTEMPATH\CodeIgniter.php(340): CodeIgniter\CodeIgniter->handleRequest(null, Object(Config\Cache), false)
12 SYSTEMPATH\Boot.php(417): CodeIgniter\CodeIgniter->run()
13 SYSTEMPATH\Boot.php(68): CodeIgniter\Boot::runCodeIgniter(Object(CodeIgniter\CodeIgniter))
14 FCPATH\index.php(59): CodeIgniter\Boot::bootWeb(Object(Config\Paths))
CRITICAL - 2026-05-08 18:25:16 --> CodeIgniter\Database\Exceptions\DatabaseException: Cannot add or update a child row: a foreign key constraint fails (`regime`.`users`, CONSTRAINT `users_ibfk_1` FOREIGN KEY (`genre_id`) REFERENCES `genre` (`id`))
[Method: POST, Route: inscription/objectif]
in SYSTEMPATH\Database\BaseConnection.php on line 865.
 1 SYSTEMPATH\Database\BaseBuilder.php(2345): CodeIgniter\Database\BaseConnection->query('INSERT INTO `users` (`nom`, `prenom`, `email`, `password`, `genre_id`, `Date_naissance`) VALUES (:nom:, :prenom:, :email:, :password:, :genre_id:, :Date_naissance:)', [...], false)
 2 SYSTEMPATH\Model.php(355): CodeIgniter\Database\BaseBuilder->insert()
 3 SYSTEMPATH\BaseModel.php(899): CodeIgniter\Model->doInsert([...])
 4 SYSTEMPATH\Model.php(668): CodeIgniter\BaseModel->insert([...], true)
 5 APPPATH\Controllers\AuthController.php(384): CodeIgniter\Model->insert([...])
 6 SYSTEMPATH\CodeIgniter.php(951): App\Controllers\AuthController->objectif()
 7 SYSTEMPATH\CodeIgniter.php(497): CodeIgniter\CodeIgniter->runController(Object(App\Controllers\AuthController))
 8 SYSTEMPATH\CodeIgniter.php(340): CodeIgniter\CodeIgniter->handleRequest(null, Object(Config\Cache), false)
 9 SYSTEMPATH\Boot.php(417): CodeIgniter\CodeIgniter->run()
10 SYSTEMPATH\Boot.php(68): CodeIgniter\Boot::runCodeIgniter(Object(CodeIgniter\CodeIgniter))
11 FCPATH\index.php(59): CodeIgniter\Boot::bootWeb(Object(Config\Paths))
CRITICAL - 2026-05-08 18:25:16 --> [Caused by] CodeIgniter\Database\Exceptions\DatabaseException: Cannot add or update a child row: a foreign key constraint fails (`regime`.`users`, CONSTRAINT `users_ibfk_1` FOREIGN KEY (`genre_id`) REFERENCES `genre` (`id`))
in SYSTEMPATH\Database\MySQLi\Connection.php on line 310.
 1 SYSTEMPATH\Database\BaseConnection.php(910): CodeIgniter\Database\MySQLi\Connection->execute('INSERT INTO `users` (`nom`, `prenom`, `email`, `password`, `genre_id`, `Date_naissance`) VALUES (\'Dupont\', \'Martin\', \'jean@gmail.com\', \'$2y$10$GHGnfd/M9QFCoWgIf/O3ueFVHruS1PCwQfzeqFq2h.4/UXsAcwRLO\', 1, \'2025-01-29\')')
 2 SYSTEMPATH\Database\BaseConnection.php(827): CodeIgniter\Database\BaseConnection->simpleQuery('INSERT INTO `users` (`nom`, `prenom`, `email`, `password`, `genre_id`, `Date_naissance`) VALUES (\'Dupont\', \'Martin\', \'jean@gmail.com\', \'$2y$10$GHGnfd/M9QFCoWgIf/O3ueFVHruS1PCwQfzeqFq2h.4/UXsAcwRLO\', 1, \'2025-01-29\')')
 3 SYSTEMPATH\Database\BaseBuilder.php(2345): CodeIgniter\Database\BaseConnection->query('INSERT INTO `users` (`nom`, `prenom`, `email`, `password`, `genre_id`, `Date_naissance`) VALUES (:nom:, :prenom:, :email:, :password:, :genre_id:, :Date_naissance:)', [...], false)
 4 SYSTEMPATH\Model.php(355): CodeIgniter\Database\BaseBuilder->insert()
 5 SYSTEMPATH\BaseModel.php(899): CodeIgniter\Model->doInsert([...])
 6 SYSTEMPATH\Model.php(668): CodeIgniter\BaseModel->insert([...], true)
 7 APPPATH\Controllers\AuthController.php(384): CodeIgniter\Model->insert([...])
 8 SYSTEMPATH\CodeIgniter.php(951): App\Controllers\AuthController->objectif()
 9 SYSTEMPATH\CodeIgniter.php(497): CodeIgniter\CodeIgniter->runController(Object(App\Controllers\AuthController))
10 SYSTEMPATH\CodeIgniter.php(340): CodeIgniter\CodeIgniter->handleRequest(null, Object(Config\Cache), false)
11 SYSTEMPATH\Boot.php(417): CodeIgniter\CodeIgniter->run()
12 SYSTEMPATH\Boot.php(68): CodeIgniter\Boot::runCodeIgniter(Object(CodeIgniter\CodeIgniter))
13 FCPATH\index.php(59): CodeIgniter\Boot::bootWeb(Object(Config\Paths))
CRITICAL - 2026-05-08 18:25:16 --> [Caused by] mysqli_sql_exception: Cannot add or update a child row: a foreign key constraint fails (`regime`.`users`, CONSTRAINT `users_ibfk_1` FOREIGN KEY (`genre_id`) REFERENCES `genre` (`id`))
in SYSTEMPATH\Database\MySQLi\Connection.php on line 300.
 1 SYSTEMPATH\Database\MySQLi\Connection.php(300): mysqli->query('INSERT INTO `users` (`nom`, `prenom`, `email`, `password`, `genre_id`, `Date_naissance`) VALUES (\'Dupont\', \'Martin\', \'jean@gmail.com\', \'$2y$10$GHGnfd/M9QFCoWgIf/O3ueFVHruS1PCwQfzeqFq2h.4/UXsAcwRLO\', 1, \'2025-01-29\')', 0)
 2 SYSTEMPATH\Database\BaseConnection.php(910): CodeIgniter\Database\MySQLi\Connection->execute('INSERT INTO `users` (`nom`, `prenom`, `email`, `password`, `genre_id`, `Date_naissance`) VALUES (\'Dupont\', \'Martin\', \'jean@gmail.com\', \'$2y$10$GHGnfd/M9QFCoWgIf/O3ueFVHruS1PCwQfzeqFq2h.4/UXsAcwRLO\', 1, \'2025-01-29\')')
 3 SYSTEMPATH\Database\BaseConnection.php(827): CodeIgniter\Database\BaseConnection->simpleQuery('INSERT INTO `users` (`nom`, `prenom`, `email`, `password`, `genre_id`, `Date_naissance`) VALUES (\'Dupont\', \'Martin\', \'jean@gmail.com\', \'$2y$10$GHGnfd/M9QFCoWgIf/O3ueFVHruS1PCwQfzeqFq2h.4/UXsAcwRLO\', 1, \'2025-01-29\')')
 4 SYSTEMPATH\Database\BaseBuilder.php(2345): CodeIgniter\Database\BaseConnection->query('INSERT INTO `users` (`nom`, `prenom`, `email`, `password`, `genre_id`, `Date_naissance`) VALUES (:nom:, :prenom:, :email:, :password:, :genre_id:, :Date_naissance:)', [...], false)
 5 SYSTEMPATH\Model.php(355): CodeIgniter\Database\BaseBuilder->insert()
 6 SYSTEMPATH\BaseModel.php(899): CodeIgniter\Model->doInsert([...])
 7 SYSTEMPATH\Model.php(668): CodeIgniter\BaseModel->insert([...], true)
 8 APPPATH\Controllers\AuthController.php(384): CodeIgniter\Model->insert([...])
 9 SYSTEMPATH\CodeIgniter.php(951): App\Controllers\AuthController->objectif()
10 SYSTEMPATH\CodeIgniter.php(497): CodeIgniter\CodeIgniter->runController(Object(App\Controllers\AuthController))
11 SYSTEMPATH\CodeIgniter.php(340): CodeIgniter\CodeIgniter->handleRequest(null, Object(Config\Cache), false)
12 SYSTEMPATH\Boot.php(417): CodeIgniter\CodeIgniter->run()
13 SYSTEMPATH\Boot.php(68): CodeIgniter\Boot::runCodeIgniter(Object(CodeIgniter\CodeIgniter))
14 FCPATH\index.php(59): CodeIgniter\Boot::bootWeb(Object(Config\Paths))
ERROR - 2026-05-08 18:25:25 --> Cannot add or update a child row: a foreign key constraint fails (`regime`.`users`, CONSTRAINT `users_ibfk_1` FOREIGN KEY (`genre_id`) REFERENCES `genre` (`id`))
in SYSTEMPATH\Database\MySQLi\Connection.php on line 300.
 1 SYSTEMPATH\Database\MySQLi\Connection.php(300): mysqli->query('INSERT INTO `users` (`nom`, `prenom`, `email`, `password`, `genre_id`, `Date_naissance`) VALUES (\'Dupont\', \'Martin\', \'jean@gmail.com\', \'$2y$10$GHGnfd/M9QFCoWgIf/O3ueFVHruS1PCwQfzeqFq2h.4/UXsAcwRLO\', 1, \'2025-01-29\')', 0)
 2 SYSTEMPATH\Database\BaseConnection.php(910): CodeIgniter\Database\MySQLi\Connection->execute('INSERT INTO `users` (`nom`, `prenom`, `email`, `password`, `genre_id`, `Date_naissance`) VALUES (\'Dupont\', \'Martin\', \'jean@gmail.com\', \'$2y$10$GHGnfd/M9QFCoWgIf/O3ueFVHruS1PCwQfzeqFq2h.4/UXsAcwRLO\', 1, \'2025-01-29\')')
 3 SYSTEMPATH\Database\BaseConnection.php(827): CodeIgniter\Database\BaseConnection->simpleQuery('INSERT INTO `users` (`nom`, `prenom`, `email`, `password`, `genre_id`, `Date_naissance`) VALUES (\'Dupont\', \'Martin\', \'jean@gmail.com\', \'$2y$10$GHGnfd/M9QFCoWgIf/O3ueFVHruS1PCwQfzeqFq2h.4/UXsAcwRLO\', 1, \'2025-01-29\')')
 4 SYSTEMPATH\Database\BaseBuilder.php(2345): CodeIgniter\Database\BaseConnection->query('INSERT INTO `users` (`nom`, `prenom`, `email`, `password`, `genre_id`, `Date_naissance`) VALUES (:nom:, :prenom:, :email:, :password:, :genre_id:, :Date_naissance:)', [...], false)
 5 SYSTEMPATH\Model.php(355): CodeIgniter\Database\BaseBuilder->insert()
 6 SYSTEMPATH\BaseModel.php(899): CodeIgniter\Model->doInsert([...])
 7 SYSTEMPATH\Model.php(668): CodeIgniter\BaseModel->insert([...], true)
 8 APPPATH\Controllers\AuthController.php(384): CodeIgniter\Model->insert([...])
 9 SYSTEMPATH\CodeIgniter.php(951): App\Controllers\AuthController->objectif()
10 SYSTEMPATH\CodeIgniter.php(497): CodeIgniter\CodeIgniter->runController(Object(App\Controllers\AuthController))
11 SYSTEMPATH\CodeIgniter.php(340): CodeIgniter\CodeIgniter->handleRequest(null, Object(Config\Cache), false)
12 SYSTEMPATH\Boot.php(417): CodeIgniter\CodeIgniter->run()
13 SYSTEMPATH\Boot.php(68): CodeIgniter\Boot::runCodeIgniter(Object(CodeIgniter\CodeIgniter))
14 FCPATH\index.php(59): CodeIgniter\Boot::bootWeb(Object(Config\Paths))
CRITICAL - 2026-05-08 18:25:25 --> CodeIgniter\Database\Exceptions\DatabaseException: Cannot add or update a child row: a foreign key constraint fails (`regime`.`users`, CONSTRAINT `users_ibfk_1` FOREIGN KEY (`genre_id`) REFERENCES `genre` (`id`))
[Method: POST, Route: inscription/objectif]
in SYSTEMPATH\Database\BaseConnection.php on line 865.
 1 SYSTEMPATH\Database\BaseBuilder.php(2345): CodeIgniter\Database\BaseConnection->query('INSERT INTO `users` (`nom`, `prenom`, `email`, `password`, `genre_id`, `Date_naissance`) VALUES (:nom:, :prenom:, :email:, :password:, :genre_id:, :Date_naissance:)', [...], false)
 2 SYSTEMPATH\Model.php(355): CodeIgniter\Database\BaseBuilder->insert()
 3 SYSTEMPATH\BaseModel.php(899): CodeIgniter\Model->doInsert([...])
 4 SYSTEMPATH\Model.php(668): CodeIgniter\BaseModel->insert([...], true)
 5 APPPATH\Controllers\AuthController.php(384): CodeIgniter\Model->insert([...])
 6 SYSTEMPATH\CodeIgniter.php(951): App\Controllers\AuthController->objectif()
 7 SYSTEMPATH\CodeIgniter.php(497): CodeIgniter\CodeIgniter->runController(Object(App\Controllers\AuthController))
 8 SYSTEMPATH\CodeIgniter.php(340): CodeIgniter\CodeIgniter->handleRequest(null, Object(Config\Cache), false)
 9 SYSTEMPATH\Boot.php(417): CodeIgniter\CodeIgniter->run()
10 SYSTEMPATH\Boot.php(68): CodeIgniter\Boot::runCodeIgniter(Object(CodeIgniter\CodeIgniter))
11 FCPATH\index.php(59): CodeIgniter\Boot::bootWeb(Object(Config\Paths))
CRITICAL - 2026-05-08 18:25:25 --> [Caused by] CodeIgniter\Database\Exceptions\DatabaseException: Cannot add or update a child row: a foreign key constraint fails (`regime`.`users`, CONSTRAINT `users_ibfk_1` FOREIGN KEY (`genre_id`) REFERENCES `genre` (`id`))
in SYSTEMPATH\Database\MySQLi\Connection.php on line 310.
 1 SYSTEMPATH\Database\BaseConnection.php(910): CodeIgniter\Database\MySQLi\Connection->execute('INSERT INTO `users` (`nom`, `prenom`, `email`, `password`, `genre_id`, `Date_naissance`) VALUES (\'Dupont\', \'Martin\', \'jean@gmail.com\', \'$2y$10$GHGnfd/M9QFCoWgIf/O3ueFVHruS1PCwQfzeqFq2h.4/UXsAcwRLO\', 1, \'2025-01-29\')')
 2 SYSTEMPATH\Database\BaseConnection.php(827): CodeIgniter\Database\BaseConnection->simpleQuery('INSERT INTO `users` (`nom`, `prenom`, `email`, `password`, `genre_id`, `Date_naissance`) VALUES (\'Dupont\', \'Martin\', \'jean@gmail.com\', \'$2y$10$GHGnfd/M9QFCoWgIf/O3ueFVHruS1PCwQfzeqFq2h.4/UXsAcwRLO\', 1, \'2025-01-29\')')
 3 SYSTEMPATH\Database\BaseBuilder.php(2345): CodeIgniter\Database\BaseConnection->query('INSERT INTO `users` (`nom`, `prenom`, `email`, `password`, `genre_id`, `Date_naissance`) VALUES (:nom:, :prenom:, :email:, :password:, :genre_id:, :Date_naissance:)', [...], false)
 4 SYSTEMPATH\Model.php(355): CodeIgniter\Database\BaseBuilder->insert()
 5 SYSTEMPATH\BaseModel.php(899): CodeIgniter\Model->doInsert([...])
 6 SYSTEMPATH\Model.php(668): CodeIgniter\BaseModel->insert([...], true)
 7 APPPATH\Controllers\AuthController.php(384): CodeIgniter\Model->insert([...])
 8 SYSTEMPATH\CodeIgniter.php(951): App\Controllers\AuthController->objectif()
 9 SYSTEMPATH\CodeIgniter.php(497): CodeIgniter\CodeIgniter->runController(Object(App\Controllers\AuthController))
10 SYSTEMPATH\CodeIgniter.php(340): CodeIgniter\CodeIgniter->handleRequest(null, Object(Config\Cache), false)
11 SYSTEMPATH\Boot.php(417): CodeIgniter\CodeIgniter->run()
12 SYSTEMPATH\Boot.php(68): CodeIgniter\Boot::runCodeIgniter(Object(CodeIgniter\CodeIgniter))
13 FCPATH\index.php(59): CodeIgniter\Boot::bootWeb(Object(Config\Paths))
CRITICAL - 2026-05-08 18:25:25 --> [Caused by] mysqli_sql_exception: Cannot add or update a child row: a foreign key constraint fails (`regime`.`users`, CONSTRAINT `users_ibfk_1` FOREIGN KEY (`genre_id`) REFERENCES `genre` (`id`))
in SYSTEMPATH\Database\MySQLi\Connection.php on line 300.
 1 SYSTEMPATH\Database\MySQLi\Connection.php(300): mysqli->query('INSERT INTO `users` (`nom`, `prenom`, `email`, `password`, `genre_id`, `Date_naissance`) VALUES (\'Dupont\', \'Martin\', \'jean@gmail.com\', \'$2y$10$GHGnfd/M9QFCoWgIf/O3ueFVHruS1PCwQfzeqFq2h.4/UXsAcwRLO\', 1, \'2025-01-29\')', 0)
 2 SYSTEMPATH\Database\BaseConnection.php(910): CodeIgniter\Database\MySQLi\Connection->execute('INSERT INTO `users` (`nom`, `prenom`, `email`, `password`, `genre_id`, `Date_naissance`) VALUES (\'Dupont\', \'Martin\', \'jean@gmail.com\', \'$2y$10$GHGnfd/M9QFCoWgIf/O3ueFVHruS1PCwQfzeqFq2h.4/UXsAcwRLO\', 1, \'2025-01-29\')')
 3 SYSTEMPATH\Database\BaseConnection.php(827): CodeIgniter\Database\BaseConnection->simpleQuery('INSERT INTO `users` (`nom`, `prenom`, `email`, `password`, `genre_id`, `Date_naissance`) VALUES (\'Dupont\', \'Martin\', \'jean@gmail.com\', \'$2y$10$GHGnfd/M9QFCoWgIf/O3ueFVHruS1PCwQfzeqFq2h.4/UXsAcwRLO\', 1, \'2025-01-29\')')
 4 SYSTEMPATH\Database\BaseBuilder.php(2345): CodeIgniter\Database\BaseConnection->query('INSERT INTO `users` (`nom`, `prenom`, `email`, `password`, `genre_id`, `Date_naissance`) VALUES (:nom:, :prenom:, :email:, :password:, :genre_id:, :Date_naissance:)', [...], false)
 5 SYSTEMPATH\Model.php(355): CodeIgniter\Database\BaseBuilder->insert()
 6 SYSTEMPATH\BaseModel.php(899): CodeIgniter\Model->doInsert([...])
 7 SYSTEMPATH\Model.php(668): CodeIgniter\BaseModel->insert([...], true)
 8 APPPATH\Controllers\AuthController.php(384): CodeIgniter\Model->insert([...])
 9 SYSTEMPATH\CodeIgniter.php(951): App\Controllers\AuthController->objectif()
10 SYSTEMPATH\CodeIgniter.php(497): CodeIgniter\CodeIgniter->runController(Object(App\Controllers\AuthController))
11 SYSTEMPATH\CodeIgniter.php(340): CodeIgniter\CodeIgniter->handleRequest(null, Object(Config\Cache), false)
12 SYSTEMPATH\Boot.php(417): CodeIgniter\CodeIgniter->run()
13 SYSTEMPATH\Boot.php(68): CodeIgniter\Boot::runCodeIgniter(Object(CodeIgniter\CodeIgniter))
14 FCPATH\index.php(59): CodeIgniter\Boot::bootWeb(Object(Config\Paths))
ERROR - 2026-05-08 18:25:34 --> Cannot add or update a child row: a foreign key constraint fails (`regime`.`users`, CONSTRAINT `users_ibfk_1` FOREIGN KEY (`genre_id`) REFERENCES `genre` (`id`))
in SYSTEMPATH\Database\MySQLi\Connection.php on line 300.
 1 SYSTEMPATH\Database\MySQLi\Connection.php(300): mysqli->query('INSERT INTO `users` (`nom`, `prenom`, `email`, `password`, `genre_id`, `Date_naissance`) VALUES (\'Dupont\', \'Martin\', \'jean@gmail.com\', \'$2y$10$GHGnfd/M9QFCoWgIf/O3ueFVHruS1PCwQfzeqFq2h.4/UXsAcwRLO\', 1, \'2025-01-29\')', 0)
 2 SYSTEMPATH\Database\BaseConnection.php(910): CodeIgniter\Database\MySQLi\Connection->execute('INSERT INTO `users` (`nom`, `prenom`, `email`, `password`, `genre_id`, `Date_naissance`) VALUES (\'Dupont\', \'Martin\', \'jean@gmail.com\', \'$2y$10$GHGnfd/M9QFCoWgIf/O3ueFVHruS1PCwQfzeqFq2h.4/UXsAcwRLO\', 1, \'2025-01-29\')')
 3 SYSTEMPATH\Database\BaseConnection.php(827): CodeIgniter\Database\BaseConnection->simpleQuery('INSERT INTO `users` (`nom`, `prenom`, `email`, `password`, `genre_id`, `Date_naissance`) VALUES (\'Dupont\', \'Martin\', \'jean@gmail.com\', \'$2y$10$GHGnfd/M9QFCoWgIf/O3ueFVHruS1PCwQfzeqFq2h.4/UXsAcwRLO\', 1, \'2025-01-29\')')
 4 SYSTEMPATH\Database\BaseBuilder.php(2345): CodeIgniter\Database\BaseConnection->query('INSERT INTO `users` (`nom`, `prenom`, `email`, `password`, `genre_id`, `Date_naissance`) VALUES (:nom:, :prenom:, :email:, :password:, :genre_id:, :Date_naissance:)', [...], false)
 5 SYSTEMPATH\Model.php(355): CodeIgniter\Database\BaseBuilder->insert()
 6 SYSTEMPATH\BaseModel.php(899): CodeIgniter\Model->doInsert([...])
 7 SYSTEMPATH\Model.php(668): CodeIgniter\BaseModel->insert([...], true)
 8 APPPATH\Controllers\AuthController.php(384): CodeIgniter\Model->insert([...])
 9 SYSTEMPATH\CodeIgniter.php(951): App\Controllers\AuthController->objectif()
10 SYSTEMPATH\CodeIgniter.php(497): CodeIgniter\CodeIgniter->runController(Object(App\Controllers\AuthController))
11 SYSTEMPATH\CodeIgniter.php(340): CodeIgniter\CodeIgniter->handleRequest(null, Object(Config\Cache), false)
12 SYSTEMPATH\Boot.php(417): CodeIgniter\CodeIgniter->run()
13 SYSTEMPATH\Boot.php(68): CodeIgniter\Boot::runCodeIgniter(Object(CodeIgniter\CodeIgniter))
14 FCPATH\index.php(59): CodeIgniter\Boot::bootWeb(Object(Config\Paths))
CRITICAL - 2026-05-08 18:25:34 --> CodeIgniter\Database\Exceptions\DatabaseException: Cannot add or update a child row: a foreign key constraint fails (`regime`.`users`, CONSTRAINT `users_ibfk_1` FOREIGN KEY (`genre_id`) REFERENCES `genre` (`id`))
[Method: POST, Route: inscription/objectif]
in SYSTEMPATH\Database\BaseConnection.php on line 865.
 1 SYSTEMPATH\Database\BaseBuilder.php(2345): CodeIgniter\Database\BaseConnection->query('INSERT INTO `users` (`nom`, `prenom`, `email`, `password`, `genre_id`, `Date_naissance`) VALUES (:nom:, :prenom:, :email:, :password:, :genre_id:, :Date_naissance:)', [...], false)
 2 SYSTEMPATH\Model.php(355): CodeIgniter\Database\BaseBuilder->insert()
 3 SYSTEMPATH\BaseModel.php(899): CodeIgniter\Model->doInsert([...])
 4 SYSTEMPATH\Model.php(668): CodeIgniter\BaseModel->insert([...], true)
 5 APPPATH\Controllers\AuthController.php(384): CodeIgniter\Model->insert([...])
 6 SYSTEMPATH\CodeIgniter.php(951): App\Controllers\AuthController->objectif()
 7 SYSTEMPATH\CodeIgniter.php(497): CodeIgniter\CodeIgniter->runController(Object(App\Controllers\AuthController))
 8 SYSTEMPATH\CodeIgniter.php(340): CodeIgniter\CodeIgniter->handleRequest(null, Object(Config\Cache), false)
 9 SYSTEMPATH\Boot.php(417): CodeIgniter\CodeIgniter->run()
10 SYSTEMPATH\Boot.php(68): CodeIgniter\Boot::runCodeIgniter(Object(CodeIgniter\CodeIgniter))
11 FCPATH\index.php(59): CodeIgniter\Boot::bootWeb(Object(Config\Paths))
CRITICAL - 2026-05-08 18:25:34 --> [Caused by] CodeIgniter\Database\Exceptions\DatabaseException: Cannot add or update a child row: a foreign key constraint fails (`regime`.`users`, CONSTRAINT `users_ibfk_1` FOREIGN KEY (`genre_id`) REFERENCES `genre` (`id`))
in SYSTEMPATH\Database\MySQLi\Connection.php on line 310.
 1 SYSTEMPATH\Database\BaseConnection.php(910): CodeIgniter\Database\MySQLi\Connection->execute('INSERT INTO `users` (`nom`, `prenom`, `email`, `password`, `genre_id`, `Date_naissance`) VALUES (\'Dupont\', \'Martin\', \'jean@gmail.com\', \'$2y$10$GHGnfd/M9QFCoWgIf/O3ueFVHruS1PCwQfzeqFq2h.4/UXsAcwRLO\', 1, \'2025-01-29\')')
 2 SYSTEMPATH\Database\BaseConnection.php(827): CodeIgniter\Database\BaseConnection->simpleQuery('INSERT INTO `users` (`nom`, `prenom`, `email`, `password`, `genre_id`, `Date_naissance`) VALUES (\'Dupont\', \'Martin\', \'jean@gmail.com\', \'$2y$10$GHGnfd/M9QFCoWgIf/O3ueFVHruS1PCwQfzeqFq2h.4/UXsAcwRLO\', 1, \'2025-01-29\')')
 3 SYSTEMPATH\Database\BaseBuilder.php(2345): CodeIgniter\Database\BaseConnection->query('INSERT INTO `users` (`nom`, `prenom`, `email`, `password`, `genre_id`, `Date_naissance`) VALUES (:nom:, :prenom:, :email:, :password:, :genre_id:, :Date_naissance:)', [...], false)
 4 SYSTEMPATH\Model.php(355): CodeIgniter\Database\BaseBuilder->insert()
 5 SYSTEMPATH\BaseModel.php(899): CodeIgniter\Model->doInsert([...])
 6 SYSTEMPATH\Model.php(668): CodeIgniter\BaseModel->insert([...], true)
 7 APPPATH\Controllers\AuthController.php(384): CodeIgniter\Model->insert([...])
 8 SYSTEMPATH\CodeIgniter.php(951): App\Controllers\AuthController->objectif()
 9 SYSTEMPATH\CodeIgniter.php(497): CodeIgniter\CodeIgniter->runController(Object(App\Controllers\AuthController))
10 SYSTEMPATH\CodeIgniter.php(340): CodeIgniter\CodeIgniter->handleRequest(null, Object(Config\Cache), false)
11 SYSTEMPATH\Boot.php(417): CodeIgniter\CodeIgniter->run()
12 SYSTEMPATH\Boot.php(68): CodeIgniter\Boot::runCodeIgniter(Object(CodeIgniter\CodeIgniter))
13 FCPATH\index.php(59): CodeIgniter\Boot::bootWeb(Object(Config\Paths))
CRITICAL - 2026-05-08 18:25:34 --> [Caused by] mysqli_sql_exception: Cannot add or update a child row: a foreign key constraint fails (`regime`.`users`, CONSTRAINT `users_ibfk_1` FOREIGN KEY (`genre_id`) REFERENCES `genre` (`id`))
in SYSTEMPATH\Database\MySQLi\Connection.php on line 300.
 1 SYSTEMPATH\Database\MySQLi\Connection.php(300): mysqli->query('INSERT INTO `users` (`nom`, `prenom`, `email`, `password`, `genre_id`, `Date_naissance`) VALUES (\'Dupont\', \'Martin\', \'jean@gmail.com\', \'$2y$10$GHGnfd/M9QFCoWgIf/O3ueFVHruS1PCwQfzeqFq2h.4/UXsAcwRLO\', 1, \'2025-01-29\')', 0)
 2 SYSTEMPATH\Database\BaseConnection.php(910): CodeIgniter\Database\MySQLi\Connection->execute('INSERT INTO `users` (`nom`, `prenom`, `email`, `password`, `genre_id`, `Date_naissance`) VALUES (\'Dupont\', \'Martin\', \'jean@gmail.com\', \'$2y$10$GHGnfd/M9QFCoWgIf/O3ueFVHruS1PCwQfzeqFq2h.4/UXsAcwRLO\', 1, \'2025-01-29\')')
 3 SYSTEMPATH\Database\BaseConnection.php(827): CodeIgniter\Database\BaseConnection->simpleQuery('INSERT INTO `users` (`nom`, `prenom`, `email`, `password`, `genre_id`, `Date_naissance`) VALUES (\'Dupont\', \'Martin\', \'jean@gmail.com\', \'$2y$10$GHGnfd/M9QFCoWgIf/O3ueFVHruS1PCwQfzeqFq2h.4/UXsAcwRLO\', 1, \'2025-01-29\')')
 4 SYSTEMPATH\Database\BaseBuilder.php(2345): CodeIgniter\Database\BaseConnection->query('INSERT INTO `users` (`nom`, `prenom`, `email`, `password`, `genre_id`, `Date_naissance`) VALUES (:nom:, :prenom:, :email:, :password:, :genre_id:, :Date_naissance:)', [...], false)
 5 SYSTEMPATH\Model.php(355): CodeIgniter\Database\BaseBuilder->insert()
 6 SYSTEMPATH\BaseModel.php(899): CodeIgniter\Model->doInsert([...])
 7 SYSTEMPATH\Model.php(668): CodeIgniter\BaseModel->insert([...], true)
 8 APPPATH\Controllers\AuthController.php(384): CodeIgniter\Model->insert([...])
 9 SYSTEMPATH\CodeIgniter.php(951): App\Controllers\AuthController->objectif()
10 SYSTEMPATH\CodeIgniter.php(497): CodeIgniter\CodeIgniter->runController(Object(App\Controllers\AuthController))
11 SYSTEMPATH\CodeIgniter.php(340): CodeIgniter\CodeIgniter->handleRequest(null, Object(Config\Cache), false)
12 SYSTEMPATH\Boot.php(417): CodeIgniter\CodeIgniter->run()
13 SYSTEMPATH\Boot.php(68): CodeIgniter\Boot::runCodeIgniter(Object(CodeIgniter\CodeIgniter))
14 FCPATH\index.php(59): CodeIgniter\Boot::bootWeb(Object(Config\Paths))
ERROR - 2026-05-08 18:29:00 --> Cannot add or update a child row: a foreign key constraint fails (`regime`.`users`, CONSTRAINT `users_ibfk_1` FOREIGN KEY (`genre_id`) REFERENCES `genre` (`id`))
in SYSTEMPATH\Database\MySQLi\Connection.php on line 300.
 1 SYSTEMPATH\Database\MySQLi\Connection.php(300): mysqli->query('INSERT INTO `users` (`nom`, `prenom`, `email`, `password`, `genre_id`, `Date_naissance`) VALUES (\'Dupont\', \'Martin\', \'jean@gmail.com\', \'$2y$10$BjbTr53wa00V3zMqEzksfOoe81Xcxav/zJeeTiOcsq5ef2W0Xf5S6\', 2, \'2025-06-11\')', 0)
 2 SYSTEMPATH\Database\BaseConnection.php(910): CodeIgniter\Database\MySQLi\Connection->execute('INSERT INTO `users` (`nom`, `prenom`, `email`, `password`, `genre_id`, `Date_naissance`) VALUES (\'Dupont\', \'Martin\', \'jean@gmail.com\', \'$2y$10$BjbTr53wa00V3zMqEzksfOoe81Xcxav/zJeeTiOcsq5ef2W0Xf5S6\', 2, \'2025-06-11\')')
 3 SYSTEMPATH\Database\BaseConnection.php(827): CodeIgniter\Database\BaseConnection->simpleQuery('INSERT INTO `users` (`nom`, `prenom`, `email`, `password`, `genre_id`, `Date_naissance`) VALUES (\'Dupont\', \'Martin\', \'jean@gmail.com\', \'$2y$10$BjbTr53wa00V3zMqEzksfOoe81Xcxav/zJeeTiOcsq5ef2W0Xf5S6\', 2, \'2025-06-11\')')
 4 SYSTEMPATH\Database\BaseBuilder.php(2345): CodeIgniter\Database\BaseConnection->query('INSERT INTO `users` (`nom`, `prenom`, `email`, `password`, `genre_id`, `Date_naissance`) VALUES (:nom:, :prenom:, :email:, :password:, :genre_id:, :Date_naissance:)', [...], false)
 5 SYSTEMPATH\Model.php(355): CodeIgniter\Database\BaseBuilder->insert()
 6 SYSTEMPATH\BaseModel.php(899): CodeIgniter\Model->doInsert([...])
 7 SYSTEMPATH\Model.php(668): CodeIgniter\BaseModel->insert([...], true)
 8 APPPATH\Controllers\AuthController.php(391): CodeIgniter\Model->insert([...])
 9 SYSTEMPATH\CodeIgniter.php(951): App\Controllers\AuthController->objectif()
10 SYSTEMPATH\CodeIgniter.php(497): CodeIgniter\CodeIgniter->runController(Object(App\Controllers\AuthController))
11 SYSTEMPATH\CodeIgniter.php(340): CodeIgniter\CodeIgniter->handleRequest(null, Object(Config\Cache), false)
12 SYSTEMPATH\Boot.php(417): CodeIgniter\CodeIgniter->run()
13 SYSTEMPATH\Boot.php(68): CodeIgniter\Boot::runCodeIgniter(Object(CodeIgniter\CodeIgniter))
14 FCPATH\index.php(59): CodeIgniter\Boot::bootWeb(Object(Config\Paths))
CRITICAL - 2026-05-08 18:29:00 --> CodeIgniter\Database\Exceptions\DatabaseException: Cannot add or update a child row: a foreign key constraint fails (`regime`.`users`, CONSTRAINT `users_ibfk_1` FOREIGN KEY (`genre_id`) REFERENCES `genre` (`id`))
[Method: POST, Route: inscription/objectif]
in SYSTEMPATH\Database\BaseConnection.php on line 865.
 1 SYSTEMPATH\Database\BaseBuilder.php(2345): CodeIgniter\Database\BaseConnection->query('INSERT INTO `users` (`nom`, `prenom`, `email`, `password`, `genre_id`, `Date_naissance`) VALUES (:nom:, :prenom:, :email:, :password:, :genre_id:, :Date_naissance:)', [...], false)
 2 SYSTEMPATH\Model.php(355): CodeIgniter\Database\BaseBuilder->insert()
 3 SYSTEMPATH\BaseModel.php(899): CodeIgniter\Model->doInsert([...])
 4 SYSTEMPATH\Model.php(668): CodeIgniter\BaseModel->insert([...], true)
 5 APPPATH\Controllers\AuthController.php(391): CodeIgniter\Model->insert([...])
 6 SYSTEMPATH\CodeIgniter.php(951): App\Controllers\AuthController->objectif()
 7 SYSTEMPATH\CodeIgniter.php(497): CodeIgniter\CodeIgniter->runController(Object(App\Controllers\AuthController))
 8 SYSTEMPATH\CodeIgniter.php(340): CodeIgniter\CodeIgniter->handleRequest(null, Object(Config\Cache), false)
 9 SYSTEMPATH\Boot.php(417): CodeIgniter\CodeIgniter->run()
10 SYSTEMPATH\Boot.php(68): CodeIgniter\Boot::runCodeIgniter(Object(CodeIgniter\CodeIgniter))
11 FCPATH\index.php(59): CodeIgniter\Boot::bootWeb(Object(Config\Paths))
CRITICAL - 2026-05-08 18:29:00 --> [Caused by] CodeIgniter\Database\Exceptions\DatabaseException: Cannot add or update a child row: a foreign key constraint fails (`regime`.`users`, CONSTRAINT `users_ibfk_1` FOREIGN KEY (`genre_id`) REFERENCES `genre` (`id`))
in SYSTEMPATH\Database\MySQLi\Connection.php on line 310.
 1 SYSTEMPATH\Database\BaseConnection.php(910): CodeIgniter\Database\MySQLi\Connection->execute('INSERT INTO `users` (`nom`, `prenom`, `email`, `password`, `genre_id`, `Date_naissance`) VALUES (\'Dupont\', \'Martin\', \'jean@gmail.com\', \'$2y$10$BjbTr53wa00V3zMqEzksfOoe81Xcxav/zJeeTiOcsq5ef2W0Xf5S6\', 2, \'2025-06-11\')')
 2 SYSTEMPATH\Database\BaseConnection.php(827): CodeIgniter\Database\BaseConnection->simpleQuery('INSERT INTO `users` (`nom`, `prenom`, `email`, `password`, `genre_id`, `Date_naissance`) VALUES (\'Dupont\', \'Martin\', \'jean@gmail.com\', \'$2y$10$BjbTr53wa00V3zMqEzksfOoe81Xcxav/zJeeTiOcsq5ef2W0Xf5S6\', 2, \'2025-06-11\')')
 3 SYSTEMPATH\Database\BaseBuilder.php(2345): CodeIgniter\Database\BaseConnection->query('INSERT INTO `users` (`nom`, `prenom`, `email`, `password`, `genre_id`, `Date_naissance`) VALUES (:nom:, :prenom:, :email:, :password:, :genre_id:, :Date_naissance:)', [...], false)
 4 SYSTEMPATH\Model.php(355): CodeIgniter\Database\BaseBuilder->insert()
 5 SYSTEMPATH\BaseModel.php(899): CodeIgniter\Model->doInsert([...])
 6 SYSTEMPATH\Model.php(668): CodeIgniter\BaseModel->insert([...], true)
 7 APPPATH\Controllers\AuthController.php(391): CodeIgniter\Model->insert([...])
 8 SYSTEMPATH\CodeIgniter.php(951): App\Controllers\AuthController->objectif()
 9 SYSTEMPATH\CodeIgniter.php(497): CodeIgniter\CodeIgniter->runController(Object(App\Controllers\AuthController))
10 SYSTEMPATH\CodeIgniter.php(340): CodeIgniter\CodeIgniter->handleRequest(null, Object(Config\Cache), false)
11 SYSTEMPATH\Boot.php(417): CodeIgniter\CodeIgniter->run()
12 SYSTEMPATH\Boot.php(68): CodeIgniter\Boot::runCodeIgniter(Object(CodeIgniter\CodeIgniter))
13 FCPATH\index.php(59): CodeIgniter\Boot::bootWeb(Object(Config\Paths))
CRITICAL - 2026-05-08 18:29:00 --> [Caused by] mysqli_sql_exception: Cannot add or update a child row: a foreign key constraint fails (`regime`.`users`, CONSTRAINT `users_ibfk_1` FOREIGN KEY (`genre_id`) REFERENCES `genre` (`id`))
in SYSTEMPATH\Database\MySQLi\Connection.php on line 300.
 1 SYSTEMPATH\Database\MySQLi\Connection.php(300): mysqli->query('INSERT INTO `users` (`nom`, `prenom`, `email`, `password`, `genre_id`, `Date_naissance`) VALUES (\'Dupont\', \'Martin\', \'jean@gmail.com\', \'$2y$10$BjbTr53wa00V3zMqEzksfOoe81Xcxav/zJeeTiOcsq5ef2W0Xf5S6\', 2, \'2025-06-11\')', 0)
 2 SYSTEMPATH\Database\BaseConnection.php(910): CodeIgniter\Database\MySQLi\Connection->execute('INSERT INTO `users` (`nom`, `prenom`, `email`, `password`, `genre_id`, `Date_naissance`) VALUES (\'Dupont\', \'Martin\', \'jean@gmail.com\', \'$2y$10$BjbTr53wa00V3zMqEzksfOoe81Xcxav/zJeeTiOcsq5ef2W0Xf5S6\', 2, \'2025-06-11\')')
 3 SYSTEMPATH\Database\BaseConnection.php(827): CodeIgniter\Database\BaseConnection->simpleQuery('INSERT INTO `users` (`nom`, `prenom`, `email`, `password`, `genre_id`, `Date_naissance`) VALUES (\'Dupont\', \'Martin\', \'jean@gmail.com\', \'$2y$10$BjbTr53wa00V3zMqEzksfOoe81Xcxav/zJeeTiOcsq5ef2W0Xf5S6\', 2, \'2025-06-11\')')
 4 SYSTEMPATH\Database\BaseBuilder.php(2345): CodeIgniter\Database\BaseConnection->query('INSERT INTO `users` (`nom`, `prenom`, `email`, `password`, `genre_id`, `Date_naissance`) VALUES (:nom:, :prenom:, :email:, :password:, :genre_id:, :Date_naissance:)', [...], false)
 5 SYSTEMPATH\Model.php(355): CodeIgniter\Database\BaseBuilder->insert()
 6 SYSTEMPATH\BaseModel.php(899): CodeIgniter\Model->doInsert([...])
 7 SYSTEMPATH\Model.php(668): CodeIgniter\BaseModel->insert([...], true)
 8 APPPATH\Controllers\AuthController.php(391): CodeIgniter\Model->insert([...])
 9 SYSTEMPATH\CodeIgniter.php(951): App\Controllers\AuthController->objectif()
10 SYSTEMPATH\CodeIgniter.php(497): CodeIgniter\CodeIgniter->runController(Object(App\Controllers\AuthController))
11 SYSTEMPATH\CodeIgniter.php(340): CodeIgniter\CodeIgniter->handleRequest(null, Object(Config\Cache), false)
12 SYSTEMPATH\Boot.php(417): CodeIgniter\CodeIgniter->run()
13 SYSTEMPATH\Boot.php(68): CodeIgniter\Boot::runCodeIgniter(Object(CodeIgniter\CodeIgniter))
14 FCPATH\index.php(59): CodeIgniter\Boot::bootWeb(Object(Config\Paths))
